[2m20:03:50[22m [31m[1m[vite][22m[39m [31m[2m(client)[22m[39m Pre-transform error: Failed to resolve import "./styles/platform.css" from "src/main.jsx". Does the file exist?
  Plugin: [35mvite:import-analysis[39m
  File: [36mC:/Users/marcu/Documents/VSCode/Plataforma Criptomoeda/src/main.jsx[39m:7:7
[33m  6  |  import "./index.css";
  7  |  import "./styles/index.css";
  8  |  import "./styles/platform.css";
     |          ^
  9  |  function attachRuntimeLoggers() {
  10 |    window.addEventListener("error", (event) => {[39m
[2m20:03:50[22m [31m[1m[vite][22m[39m [31mInternal server error: Failed to resolve import "./styles/platform.css" from "src/main.jsx". Does the file exist?[39m
  Plugin: [35mvite:import-analysis[39m
  File: [36mC:/Users/marcu/Documents/VSCode/Plataforma Criptomoeda/src/main.jsx[39m:7:7
[33m  6  |  import "./index.css";
  7  |  import "./styles/index.css";
  8  |  import "./styles/platform.css";
     |          ^
  9  |  function attachRuntimeLoggers() {
  10 |    window.addEventListener("error", (event) => {[39m
      at TransformPluginContext._formatLog (file:///C:/Users/marcu/Documents/VSCode/Plataforma%20Criptomoeda/node_modules/vite/dist/node/chunks/config.js:28999:43)
      at TransformPluginContext.error (file:///C:/Users/marcu/Documents/VSCode/Plataforma%20Criptomoeda/node_modules/vite/dist/node/chunks/config.js:28996:14)
      at normalizeUrl (file:///C:/Users/marcu/Documents/VSCode/Plataforma%20Criptomoeda/node_modules/vite/dist/node/chunks/config.js:27119:18)
      at process.processTicksAndRejections (node:internal/process/task_queues:104:5)
      at async file:///C:/Users/marcu/Documents/VSCode/Plataforma%20Criptomoeda/node_modules/vite/dist/node/chunks/config.js:27177:32
      at async Promise.all (index 7)
      at async TransformPluginContext.transform (file:///C:/Users/marcu/Documents/VSCode/Plataforma%20Criptomoeda/node_modules/vite/dist/node/chunks/config.js:27145:4)
      at async EnvironmentPluginContainer.transform (file:///C:/Users/marcu/Documents/VSCode/Plataforma%20Criptomoeda/node_modules/vite/dist/node/chunks/config.js:28797:14)
      at async loadAndTransform (file:///C:/Users/marcu/Documents/VSCode/Plataforma%20Criptomoeda/node_modules/vite/dist/node/chunks/config.js:22670:26)
      at async viteTransformMiddleware (file:///C:/Users/marcu/Documents/VSCode/Plataforma%20Criptomoeda/node_modules/vite/dist/node/chunks/config.js:24542:20)
[2m20:03:50[22m [31m[1m[vite][22m[39m [31m[2m(client)[22m[39m Pre-transform error: Failed to resolve import "./styles/platform.css" from "src/main.jsx". Does the file exist?
  Plugin: [35mvite:import-analysis[39m
  File: [36mC:/Users/marcu/Documents/VSCode/Plataforma Criptomoeda/src/main.jsx[39m:7:7
[33m  6  |  import "./index.css";
  7  |  import "./styles/index.css";
  8  |  import "./styles/platform.css";
     |          ^
  9  |  function attachRuntimeLoggers() {
  10 |    window.addEventListener("error", (event) => {[39m
[2m20:03:57[22m [31m[1m[vite][22m[39m [31m[2m(client)[22m[39m Pre-transform error: Failed to resolve import "./styles/platform.css" from "src/main.jsx". Does the file exist?
  Plugin: [35mvite:import-analysis[39m
  File: [36mC:/Users/marcu/Documents/VSCode/Plataforma Criptomoeda/src/main.jsx[39m:7:7
[33m  6  |  import "./index.css";
  7  |  import "./styles/index.css";
  8  |  import "./styles/platform.css";
     |          ^
  9  |  function attachRuntimeLoggers() {
  10 |    window.addEventListener("error", (event) => {[39m
[2m20:03:57[22m [31m[1m[vite][22m[39m [31mInternal server error: Failed to resolve import "./styles/platform.css" from "src/main.jsx". Does the file exist?[39m
  Plugin: [35mvite:import-analysis[39m
  File: [36mC:/Users/marcu/Documents/VSCode/Plataforma Criptomoeda/src/main.jsx[39m:7:7
[33m  6  |  import "./index.css";
  7  |  import "./styles/index.css";
  8  |  import "./styles/platform.css";
     |          ^
  9  |  function attachRuntimeLoggers() {
  10 |    window.addEventListener("error", (event) => {[39m
      at TransformPluginContext._formatLog (file:///C:/Users/marcu/Documents/VSCode/Plataforma%20Criptomoeda/node_modules/vite/dist/node/chunks/config.js:28999:43)
      at TransformPluginContext.error (file:///C:/Users/marcu/Documents/VSCode/Plataforma%20Criptomoeda/node_modules/vite/dist/node/chunks/config.js:28996:14)
      at normalizeUrl (file:///C:/Users/marcu/Documents/VSCode/Plataforma%20Criptomoeda/node_modules/vite/dist/node/chunks/config.js:27119:18)
      at process.processTicksAndRejections (node:internal/process/task_queues:104:5)
      at async file:///C:/Users/marcu/Documents/VSCode/Plataforma%20Criptomoeda/node_modules/vite/dist/node/chunks/config.js:27177:32
      at async Promise.all (index 7)
      at async TransformPluginContext.transform (file:///C:/Users/marcu/Documents/VSCode/Plataforma%20Criptomoeda/node_modules/vite/dist/node/chunks/config.js:27145:4)
      at async EnvironmentPluginContainer.transform (file:///C:/Users/marcu/Documents/VSCode/Plataforma%20Criptomoeda/node_modules/vite/dist/node/chunks/config.js:28797:14)
      at async loadAndTransform (file:///C:/Users/marcu/Documents/VSCode/Plataforma%20Criptomoeda/node_modules/vite/dist/node/chunks/config.js:22670:26)
      at async viteTransformMiddleware (file:///C:/Users/marcu/Documents/VSCode/Plataforma%20Criptomoeda/node_modules/vite/dist/node/chunks/config.js:24542:20)
[2m20:03:57[22m [31m[1m[vite][22m[39m [31m[2m(client)[22m[39m Pre-transform error: Failed to resolve import "./styles/platform.css" from "src/main.jsx". Does the file exist?
  Plugin: [35mvite:import-analysis[39m
  File: [36mC:/Users/marcu/Documents/VSCode/Plataforma Criptomoeda/src/main.jsx[39m:7:7
[33m  6  |  import "./index.css";
  7  |  import "./styles/index.css";
  8  |  import "./styles/platform.css";
     |          ^
  9  |  function attachRuntimeLoggers() {
  10 |    window.addEventListener("error", (event) => {[39m
